Archive member included to satisfy reference by file (symbol)

c:/program files (x86)/atmel/studio/7.0/toolchain/avr8/avr8-gnu-toolchain/bin/../lib/gcc/avr/5.4.0/avr5\libgcc.a(_exit.o)
                              C:/Program Files (x86)/Atmel/Studio/7.0/Packs/atmel/ATmega_DFP/1.7.374/gcc/dev/atmega328p/avr5/crtatmega328p.o (exit)
c:/program files (x86)/atmel/studio/7.0/toolchain/avr8/avr8-gnu-toolchain/bin/../lib/gcc/avr/5.4.0/avr5\libgcc.a(_tablejump2.o)
                              MCAL/ADC/hal_adc.o (__tablejump2__)
c:/program files (x86)/atmel/studio/7.0/toolchain/avr8/avr8-gnu-toolchain/bin/../lib/gcc/avr/5.4.0/avr5\libgcc.a(_copy_data.o)
                              application.o (__do_copy_data)
c:/program files (x86)/atmel/studio/7.0/toolchain/avr8/avr8-gnu-toolchain/bin/../lib/gcc/avr/5.4.0/avr5\libgcc.a(_clear_bss.o)
                              application.o (__do_clear_bss)
c:/program files (x86)/atmel/studio/7.0/toolchain/avr8/avr8-gnu-toolchain/bin/../lib/gcc/avr/5.4.0/../../../../avr/lib/avr5\libc.a(itoa_ncheck.o)
                              MCAL/UART/haL_uart.o (__itoa_ncheck)
c:/program files (x86)/atmel/studio/7.0/toolchain/avr8/avr8-gnu-toolchain/bin/../lib/gcc/avr/5.4.0/../../../../avr/lib/avr5\libc.a(utoa_ncheck.o)
                              c:/program files (x86)/atmel/studio/7.0/toolchain/avr8/avr8-gnu-toolchain/bin/../lib/gcc/avr/5.4.0/../../../../avr/lib/avr5\libc.a(itoa_ncheck.o) (__utoa_common)
c:/program files (x86)/atmel/studio/7.0/toolchain/avr8/avr8-gnu-toolchain/bin/../lib/gcc/avr/5.4.0/../../../../avr/lib/avr5\libc.a(strrev.o)
                              c:/program files (x86)/atmel/studio/7.0/toolchain/avr8/avr8-gnu-toolchain/bin/../lib/gcc/avr/5.4.0/../../../../avr/lib/avr5\libc.a(utoa_ncheck.o) (strrev)

Discarded input sections

 .data          0x00000000        0x0 C:/Program Files (x86)/Atmel/Studio/7.0/Packs/atmel/ATmega_DFP/1.7.374/gcc/dev/atmega328p/avr5/crtatmega328p.o
 .bss           0x00000000        0x0 C:/Program Files (x86)/Atmel/Studio/7.0/Packs/atmel/ATmega_DFP/1.7.374/gcc/dev/atmega328p/avr5/crtatmega328p.o
 .group         0x00000000        0x8 ECU_Layer/LED/ecu_led.o
 .group         0x00000000        0x8 ECU_Layer/LED/ecu_led.o
 .group         0x00000000        0x8 ECU_Layer/LED/ecu_led.o
 .group         0x00000000        0x8 ECU_Layer/LED/ecu_led.o
 .group         0x00000000        0x8 ECU_Layer/LED/ecu_led.o
 .group         0x00000000        0x8 ECU_Layer/LED/ecu_led.o
 .group         0x00000000        0x8 ECU_Layer/LED/ecu_led.o
 .group         0x00000000        0x8 ECU_Layer/LED/ecu_led.o
 .group         0x00000000        0x8 ECU_Layer/LED/ecu_led.o
 .group         0x00000000        0x8 ECU_Layer/LED/ecu_led.o
 .group         0x00000000        0x8 ECU_Layer/LED/ecu_led.o
 .group         0x00000000        0x8 ECU_Layer/LED/ecu_led.o
 .group         0x00000000        0x8 ECU_Layer/LED/ecu_led.o
 .group         0x00000000        0x8 ECU_Layer/LED/ecu_led.o
 .group         0x00000000        0x8 ECU_Layer/LED/ecu_led.o
 .group         0x00000000        0x8 ECU_Layer/LED/ecu_led.o
 .group         0x00000000        0x8 ECU_Layer/LED/ecu_led.o
 .group         0x00000000        0x8 ECU_Layer/LED/ecu_led.o
 .group         0x00000000        0x8 ECU_Layer/LED/ecu_led.o
 .group         0x00000000        0x8 ECU_Layer/LED/ecu_led.o
 .text          0x00000000        0x0 ECU_Layer/LED/ecu_led.o
 .data          0x00000000        0x0 ECU_Layer/LED/ecu_led.o
 .bss           0x00000000        0x0 ECU_Layer/LED/ecu_led.o
 .text.LED_Toggle
                0x00000000       0x48 ECU_Layer/LED/ecu_led.o
 .group         0x00000000        0x8 ECU_Layer/LED/ecu_led_cfg1.o
 .text          0x00000000        0x0 ECU_Layer/LED/ecu_led_cfg1.o
 .data          0x00000000        0x0 ECU_Layer/LED/ecu_led_cfg1.o
 .bss           0x00000000        0x0 ECU_Layer/LED/ecu_led_cfg1.o
 .debug_info    0x00000000       0x21 ECU_Layer/LED/ecu_led_cfg1.o
 .debug_abbrev  0x00000000       0x13 ECU_Layer/LED/ecu_led_cfg1.o
 .debug_aranges
                0x00000000       0x18 ECU_Layer/LED/ecu_led_cfg1.o
 .debug_macro   0x00000000       0x11 ECU_Layer/LED/ecu_led_cfg1.o
 .debug_macro   0x00000000      0xa4e ECU_Layer/LED/ecu_led_cfg1.o
 .debug_line    0x00000000       0x3d ECU_Layer/LED/ecu_led_cfg1.o
 .debug_str     0x00000000     0x2b4c ECU_Layer/LED/ecu_led_cfg1.o
 .comment       0x00000000       0x31 ECU_Layer/LED/ecu_led_cfg1.o
 .group         0x00000000        0x8 application.o
 .group         0x00000000        0x8 application.o
 .group         0x00000000        0x8 application.o
 .group         0x00000000        0x8 application.o
 .group         0x00000000        0x8 application.o
 .group         0x00000000        0x8 application.o
 .group         0x00000000        0x8 application.o
 .group         0x00000000        0x8 application.o
 .group         0x00000000        0x8 application.o
 .group         0x00000000        0x8 application.o
 .group         0x00000000        0x8 application.o
 .group         0x00000000        0x8 application.o
 .group         0x00000000        0x8 application.o
 .group         0x00000000        0x8 application.o
 .group         0x00000000        0x8 application.o
 .group         0x00000000        0x8 application.o
 .group         0x00000000        0x8 application.o
 .group         0x00000000        0x8 application.o
 .group         0x00000000        0x8 application.o
 .group         0x00000000        0x8 application.o
 .group         0x00000000        0x8 application.o
 .group         0x00000000        0x8 application.o
 .group         0x00000000        0x8 application.o
 .text          0x00000000        0x0 application.o
 .data          0x00000000        0x0 application.o
 .bss           0x00000000        0x0 application.o
 .debug_macro   0x00000000      0xa4e application.o
 .debug_macro   0x00000000       0x1c application.o
 .debug_macro   0x00000000      0x10e application.o
 .debug_macro   0x00000000       0x66 application.o
 .debug_macro   0x00000000       0x10 application.o
 .debug_macro   0x00000000       0x10 application.o
 .debug_macro   0x00000000      0x1c9 application.o
 .debug_macro   0x00000000      0x2fc application.o
 .debug_macro   0x00000000       0x9e application.o
 .debug_macro   0x00000000     0x1411 application.o
 .debug_macro   0x00000000      0x13a application.o
 .debug_macro   0x00000000       0xbd application.o
 .debug_macro   0x00000000       0x34 application.o
 .debug_macro   0x00000000       0x18 application.o
 .debug_macro   0x00000000       0x6c application.o
 .debug_macro   0x00000000       0x10 application.o
 .debug_macro   0x00000000      0x160 application.o
 .debug_macro   0x00000000       0x2e application.o
 .debug_macro   0x00000000       0x10 application.o
 .debug_macro   0x00000000       0x10 application.o
 .group         0x00000000        0x8 MCAL/ADC/hal_adc.o
 .group         0x00000000        0x8 MCAL/ADC/hal_adc.o
 .group         0x00000000        0x8 MCAL/ADC/hal_adc.o
 .group         0x00000000        0x8 MCAL/ADC/hal_adc.o
 .group         0x00000000        0x8 MCAL/ADC/hal_adc.o
 .group         0x00000000        0x8 MCAL/ADC/hal_adc.o
 .group         0x00000000        0x8 MCAL/ADC/hal_adc.o
 .group         0x00000000        0x8 MCAL/ADC/hal_adc.o
 .group         0x00000000        0x8 MCAL/ADC/hal_adc.o
 .group         0x00000000        0x8 MCAL/ADC/hal_adc.o
 .group         0x00000000        0x8 MCAL/ADC/hal_adc.o
 .group         0x00000000        0x8 MCAL/ADC/hal_adc.o
 .group         0x00000000        0x8 MCAL/ADC/hal_adc.o
 .group         0x00000000        0x8 MCAL/ADC/hal_adc.o
 .group         0x00000000        0x8 MCAL/ADC/hal_adc.o
 .group         0x00000000        0x8 MCAL/ADC/hal_adc.o
 .group         0x00000000        0x8 MCAL/ADC/hal_adc.o
 .group         0x00000000        0x8 MCAL/ADC/hal_adc.o
 .group         0x00000000        0x8 MCAL/ADC/hal_adc.o
 .group         0x00000000        0x8 MCAL/ADC/hal_adc.o
 .group         0x00000000        0x8 MCAL/ADC/hal_adc.o
 .text          0x00000000        0x0 MCAL/ADC/hal_adc.o
 .data          0x00000000        0x0 MCAL/ADC/hal_adc.o
 .bss           0x00000000        0x0 MCAL/ADC/hal_adc.o
 .debug_macro   0x00000000      0xa4e MCAL/ADC/hal_adc.o
 .debug_macro   0x00000000       0x1c MCAL/ADC/hal_adc.o
 .debug_macro   0x00000000      0x10e MCAL/ADC/hal_adc.o
 .debug_macro   0x00000000       0x66 MCAL/ADC/hal_adc.o
 .debug_macro   0x00000000       0x10 MCAL/ADC/hal_adc.o
 .debug_macro   0x00000000       0x10 MCAL/ADC/hal_adc.o
 .debug_macro   0x00000000      0x1c9 MCAL/ADC/hal_adc.o
 .debug_macro   0x00000000      0x2fc MCAL/ADC/hal_adc.o
 .debug_macro   0x00000000       0x9e MCAL/ADC/hal_adc.o
 .debug_macro   0x00000000     0x1411 MCAL/ADC/hal_adc.o
 .debug_macro   0x00000000      0x13a MCAL/ADC/hal_adc.o
 .debug_macro   0x00000000       0xbd MCAL/ADC/hal_adc.o
 .debug_macro   0x00000000       0x34 MCAL/ADC/hal_adc.o
 .debug_macro   0x00000000       0x18 MCAL/ADC/hal_adc.o
 .debug_macro   0x00000000       0x6c MCAL/ADC/hal_adc.o
 .debug_macro   0x00000000       0x10 MCAL/ADC/hal_adc.o
 .debug_macro   0x00000000      0x160 MCAL/ADC/hal_adc.o
 .debug_macro   0x00000000       0x2e MCAL/ADC/hal_adc.o
 .debug_macro   0x00000000       0x10 MCAL/ADC/hal_adc.o
 .debug_macro   0x00000000       0x10 MCAL/ADC/hal_adc.o
 .debug_macro   0x00000000       0x76 MCAL/ADC/hal_adc.o
 .group         0x00000000        0x8 MCAL/GPIO/gpio_hal.o
 .group         0x00000000        0x8 MCAL/GPIO/gpio_hal.o
 .group         0x00000000        0x8 MCAL/GPIO/gpio_hal.o
 .group         0x00000000        0x8 MCAL/GPIO/gpio_hal.o
 .group         0x00000000        0x8 MCAL/GPIO/gpio_hal.o
 .group         0x00000000        0x8 MCAL/GPIO/gpio_hal.o
 .group         0x00000000        0x8 MCAL/GPIO/gpio_hal.o
 .group         0x00000000        0x8 MCAL/GPIO/gpio_hal.o
 .group         0x00000000        0x8 MCAL/GPIO/gpio_hal.o
 .group         0x00000000        0x8 MCAL/GPIO/gpio_hal.o
 .group         0x00000000        0x8 MCAL/GPIO/gpio_hal.o
 .group         0x00000000        0x8 MCAL/GPIO/gpio_hal.o
 .group         0x00000000        0x8 MCAL/GPIO/gpio_hal.o
 .group         0x00000000        0x8 MCAL/GPIO/gpio_hal.o
 .group         0x00000000        0x8 MCAL/GPIO/gpio_hal.o
 .group         0x00000000        0x8 MCAL/GPIO/gpio_hal.o
 .group         0x00000000        0x8 MCAL/GPIO/gpio_hal.o
 .group         0x00000000        0x8 MCAL/GPIO/gpio_hal.o
 .group         0x00000000        0x8 MCAL/GPIO/gpio_hal.o
 .group         0x00000000        0x8 MCAL/GPIO/gpio_hal.o
 .text          0x00000000        0x0 MCAL/GPIO/gpio_hal.o
 .data          0x00000000        0x0 MCAL/GPIO/gpio_hal.o
 .bss           0x00000000        0x0 MCAL/GPIO/gpio_hal.o
 .text.GPIO_SetPinDirection
                0x00000000       0xe4 MCAL/GPIO/gpio_hal.o
 .text.GPIO_ReadPinValue
                0x00000000       0x48 MCAL/GPIO/gpio_hal.o
 .text.GPIO_TogglePinValue
                0x00000000       0x3e MCAL/GPIO/gpio_hal.o
 .text.GPIO_SetPortDirection
                0x00000000       0x46 MCAL/GPIO/gpio_hal.o
 .text.GPIO_WritePortValue
                0x00000000       0x20 MCAL/GPIO/gpio_hal.o
 .text.GPIO_ReadPortValue
                0x00000000       0x2e MCAL/GPIO/gpio_hal.o
 .text.GPIO_TogglePortValue
                0x00000000       0x24 MCAL/GPIO/gpio_hal.o
 .data.pin_registers
                0x00000000        0x6 MCAL/GPIO/gpio_hal.o
 .debug_macro   0x00000000      0xa4e MCAL/GPIO/gpio_hal.o
 .debug_macro   0x00000000       0x1c MCAL/GPIO/gpio_hal.o
 .debug_macro   0x00000000      0x10e MCAL/GPIO/gpio_hal.o
 .debug_macro   0x00000000       0x66 MCAL/GPIO/gpio_hal.o
 .debug_macro   0x00000000       0x10 MCAL/GPIO/gpio_hal.o
 .debug_macro   0x00000000       0x10 MCAL/GPIO/gpio_hal.o
 .debug_macro   0x00000000      0x1c9 MCAL/GPIO/gpio_hal.o
 .debug_macro   0x00000000      0x2fc MCAL/GPIO/gpio_hal.o
 .debug_macro   0x00000000       0x9e MCAL/GPIO/gpio_hal.o
 .debug_macro   0x00000000     0x1411 MCAL/GPIO/gpio_hal.o
 .debug_macro   0x00000000      0x13a MCAL/GPIO/gpio_hal.o
 .debug_macro   0x00000000       0xbd MCAL/GPIO/gpio_hal.o
 .debug_macro   0x00000000       0x34 MCAL/GPIO/gpio_hal.o
 .debug_macro   0x00000000       0x18 MCAL/GPIO/gpio_hal.o
 .debug_macro   0x00000000       0x6c MCAL/GPIO/gpio_hal.o
 .debug_macro   0x00000000       0x10 MCAL/GPIO/gpio_hal.o
 .debug_macro   0x00000000      0x160 MCAL/GPIO/gpio_hal.o
 .debug_macro   0x00000000       0x2e MCAL/GPIO/gpio_hal.o
 .debug_macro   0x00000000       0x10 MCAL/GPIO/gpio_hal.o
 .debug_macro   0x00000000       0x10 MCAL/GPIO/gpio_hal.o
 .group         0x00000000        0x8 MCAL/UART/haL_uart.o
 .group         0x00000000        0x8 MCAL/UART/haL_uart.o
 .group         0x00000000        0x8 MCAL/UART/haL_uart.o
 .group         0x00000000        0x8 MCAL/UART/haL_uart.o
 .group         0x00000000        0x8 MCAL/UART/haL_uart.o
 .group         0x00000000        0x8 MCAL/UART/haL_uart.o
 .group         0x00000000        0x8 MCAL/UART/haL_uart.o
 .group         0x00000000        0x8 MCAL/UART/haL_uart.o
 .group         0x00000000        0x8 MCAL/UART/haL_uart.o
 .group         0x00000000        0x8 MCAL/UART/haL_uart.o
 .group         0x00000000        0x8 MCAL/UART/haL_uart.o
 .group         0x00000000        0x8 MCAL/UART/haL_uart.o
 .group         0x00000000        0x8 MCAL/UART/haL_uart.o
 .group         0x00000000        0x8 MCAL/UART/haL_uart.o
 .group         0x00000000        0x8 MCAL/UART/haL_uart.o
 .group         0x00000000        0x8 MCAL/UART/haL_uart.o
 .group         0x00000000        0x8 MCAL/UART/haL_uart.o
 .group         0x00000000        0x8 MCAL/UART/haL_uart.o
 .group         0x00000000        0x8 MCAL/UART/haL_uart.o
 .group         0x00000000        0x8 MCAL/UART/haL_uart.o
 .group         0x00000000        0x8 MCAL/UART/haL_uart.o
 .group         0x00000000        0x8 MCAL/UART/haL_uart.o
 .text          0x00000000        0x0 MCAL/UART/haL_uart.o
 .data          0x00000000        0x0 MCAL/UART/haL_uart.o
 .bss           0x00000000        0x0 MCAL/UART/haL_uart.o
 .text.UART_Init
                0x00000000       0x38 MCAL/UART/haL_uart.o
 .text.UART_TransmitByte
                0x00000000       0x12 MCAL/UART/haL_uart.o
 .text.UART_ReceiveByte
                0x00000000       0x16 MCAL/UART/haL_uart.o
 .text.UART_PrintString
                0x00000000       0x2e MCAL/UART/haL_uart.o
 .text.UART_PrintNumber
                0x00000000       0x42 MCAL/UART/haL_uart.o
 .debug_info    0x00000000      0x2cd MCAL/UART/haL_uart.o
 .debug_abbrev  0x00000000      0x1c5 MCAL/UART/haL_uart.o
 .debug_loc     0x00000000      0x1a4 MCAL/UART/haL_uart.o
 .debug_aranges
                0x00000000       0x40 MCAL/UART/haL_uart.o
 .debug_ranges  0x00000000       0x30 MCAL/UART/haL_uart.o
 .debug_macro   0x00000000      0x110 MCAL/UART/haL_uart.o
 .debug_macro   0x00000000      0xa4e MCAL/UART/haL_uart.o
 .debug_macro   0x00000000       0x10 MCAL/UART/haL_uart.o
 .debug_macro   0x00000000       0x1c MCAL/UART/haL_uart.o
 .debug_macro   0x00000000      0x10e MCAL/UART/haL_uart.o
 .debug_macro   0x00000000       0x66 MCAL/UART/haL_uart.o
 .debug_macro   0x00000000       0x10 MCAL/UART/haL_uart.o
 .debug_macro   0x00000000       0x10 MCAL/UART/haL_uart.o
 .debug_macro   0x00000000      0x1c9 MCAL/UART/haL_uart.o
 .debug_macro   0x00000000      0x2fc MCAL/UART/haL_uart.o
 .debug_macro   0x00000000       0x9e MCAL/UART/haL_uart.o
 .debug_macro   0x00000000     0x1411 MCAL/UART/haL_uart.o
 .debug_macro   0x00000000      0x13a MCAL/UART/haL_uart.o
 .debug_macro   0x00000000       0xbd MCAL/UART/haL_uart.o
 .debug_macro   0x00000000       0x34 MCAL/UART/haL_uart.o
 .debug_macro   0x00000000       0x18 MCAL/UART/haL_uart.o
 .debug_macro   0x00000000       0x6c MCAL/UART/haL_uart.o
 .debug_macro   0x00000000       0x10 MCAL/UART/haL_uart.o
 .debug_macro   0x00000000      0x160 MCAL/UART/haL_uart.o
 .debug_macro   0x00000000       0x2e MCAL/UART/haL_uart.o
 .debug_macro   0x00000000       0x10 MCAL/UART/haL_uart.o
 .debug_macro   0x00000000       0x10 MCAL/UART/haL_uart.o
 .debug_macro   0x00000000       0x3c MCAL/UART/haL_uart.o
 .debug_line    0x00000000      0x45f MCAL/UART/haL_uart.o
 .debug_str     0x00000000     0x7255 MCAL/UART/haL_uart.o
 .comment       0x00000000       0x31 MCAL/UART/haL_uart.o
 .debug_frame   0x00000000       0x84 MCAL/UART/haL_uart.o
 .text          0x00000000        0x0 c:/program files (x86)/atmel/studio/7.0/toolchain/avr8/avr8-gnu-toolchain/bin/../lib/gcc/avr/5.4.0/avr5\libgcc.a(_exit.o)
 .data          0x00000000        0x0 c:/program files (x86)/atmel/studio/7.0/toolchain/avr8/avr8-gnu-toolchain/bin/../lib/gcc/avr/5.4.0/avr5\libgcc.a(_exit.o)
 .bss           0x00000000        0x0 c:/program files (x86)/atmel/studio/7.0/toolchain/avr8/avr8-gnu-toolchain/bin/../lib/gcc/avr/5.4.0/avr5\libgcc.a(_exit.o)
 .text.libgcc.mul
                0x00000000        0x0 c:/program files (x86)/atmel/studio/7.0/toolchain/avr8/avr8-gnu-toolchain/bin/../lib/gcc/avr/5.4.0/avr5\libgcc.a(_exit.o)
 .text.libgcc.div
                0x00000000        0x0 c:/program files (x86)/atmel/studio/7.0/toolchain/avr8/avr8-gnu-toolchain/bin/../lib/gcc/avr/5.4.0/avr5\libgcc.a(_exit.o)
 .text.libgcc   0x00000000        0x0 c:/program files (x86)/atmel/studio/7.0/toolchain/avr8/avr8-gnu-toolchain/bin/../lib/gcc/avr/5.4.0/avr5\libgcc.a(_exit.o)
 .text.libgcc.prologue
                0x00000000        0x0 c:/program files (x86)/atmel/studio/7.0/toolchain/avr8/avr8-gnu-toolchain/bin/../lib/gcc/avr/5.4.0/avr5\libgcc.a(_exit.o)
 .text.libgcc.builtins
                0x00000000        0x0 c:/program files (x86)/atmel/studio/7.0/toolchain/avr8/avr8-gnu-toolchain/bin/../lib/gcc/avr/5.4.0/avr5\libgcc.a(_exit.o)
 .text.libgcc.fmul
                0x00000000        0x0 c:/program files (x86)/atmel/studio/7.0/toolchain/avr8/avr8-gnu-toolchain/bin/../lib/gcc/avr/5.4.0/avr5\libgcc.a(_exit.o)
 .text.libgcc.fixed
                0x00000000        0x0 c:/program files (x86)/atmel/studio/7.0/toolchain/avr8/avr8-gnu-toolchain/bin/../lib/gcc/avr/5.4.0/avr5\libgcc.a(_exit.o)
 .text          0x00000000        0x0 c:/program files (x86)/atmel/studio/7.0/toolchain/avr8/avr8-gnu-toolchain/bin/../lib/gcc/avr/5.4.0/avr5\libgcc.a(_tablejump2.o)
 .data          0x00000000        0x0 c:/program files (x86)/atmel/studio/7.0/toolchain/avr8/avr8-gnu-toolchain/bin/../lib/gcc/avr/5.4.0/avr5\libgcc.a(_tablejump2.o)
 .bss           0x00000000        0x0 c:/program files (x86)/atmel/studio/7.0/toolchain/avr8/avr8-gnu-toolchain/bin/../lib/gcc/avr/5.4.0/avr5\libgcc.a(_tablejump2.o)
 .text.libgcc.mul
                0x00000000        0x0 c:/program files (x86)/atmel/studio/7.0/toolchain/avr8/avr8-gnu-toolchain/bin/../lib/gcc/avr/5.4.0/avr5\libgcc.a(_tablejump2.o)
 .text.libgcc.div
                0x00000000        0x0 c:/program files (x86)/atmel/studio/7.0/toolchain/avr8/avr8-gnu-toolchain/bin/../lib/gcc/avr/5.4.0/avr5\libgcc.a(_tablejump2.o)
 .text.libgcc.prologue
                0x00000000        0x0 c:/program files (x86)/atmel/studio/7.0/toolchain/avr8/avr8-gnu-toolchain/bin/../lib/gcc/avr/5.4.0/avr5\libgcc.a(_tablejump2.o)
 .text.libgcc.builtins
                0x00000000        0x0 c:/program files (x86)/atmel/studio/7.0/toolchain/avr8/avr8-gnu-toolchain/bin/../lib/gcc/avr/5.4.0/avr5\libgcc.a(_tablejump2.o)
 .text.libgcc.fmul
                0x00000000        0x0 c:/program files (x86)/atmel/studio/7.0/toolchain/avr8/avr8-gnu-toolchain/bin/../lib/gcc/avr/5.4.0/avr5\libgcc.a(_tablejump2.o)
 .text.libgcc.fixed
                0x00000000        0x0 c:/program files (x86)/atmel/studio/7.0/toolchain/avr8/avr8-gnu-toolchain/bin/../lib/gcc/avr/5.4.0/avr5\libgcc.a(_tablejump2.o)
 .text          0x00000000        0x0 c:/program files (x86)/atmel/studio/7.0/toolchain/avr8/avr8-gnu-toolchain/bin/../lib/gcc/avr/5.4.0/avr5\libgcc.a(_copy_data.o)
 .data          0x00000000        0x0 c:/program files (x86)/atmel/studio/7.0/toolchain/avr8/avr8-gnu-toolchain/bin/../lib/gcc/avr/5.4.0/avr5\libgcc.a(_copy_data.o)
 .bss           0x00000000        0x0 c:/program files (x86)/atmel/studio/7.0/toolchain/avr8/avr8-gnu-toolchain/bin/../lib/gcc/avr/5.4.0/avr5\libgcc.a(_copy_data.o)
 .text.libgcc.mul
                0x00000000        0x0 c:/program files (x86)/atmel/studio/7.0/toolchain/avr8/avr8-gnu-toolchain/bin/../lib/gcc/avr/5.4.0/avr5\libgcc.a(_copy_data.o)
 .text.libgcc.div
                0x00000000        0x0 c:/program files (x86)/atmel/studio/7.0/toolchain/avr8/avr8-gnu-toolchain/bin/../lib/gcc/avr/5.4.0/avr5\libgcc.a(_copy_data.o)
 .text.libgcc   0x00000000        0x0 c:/program files (x86)/atmel/studio/7.0/toolchain/avr8/avr8-gnu-toolchain/bin/../lib/gcc/avr/5.4.0/avr5\libgcc.a(_copy_data.o)
 .text.libgcc.prologue
                0x00000000        0x0 c:/program files (x86)/atmel/studio/7.0/toolchain/avr8/avr8-gnu-toolchain/bin/../lib/gcc/avr/5.4.0/avr5\libgcc.a(_copy_data.o)
 .text.libgcc.builtins
                0x00000000        0x0 c:/program files (x86)/atmel/studio/7.0/toolchain/avr8/avr8-gnu-toolchain/bin/../lib/gcc/avr/5.4.0/avr5\libgcc.a(_copy_data.o)
 .text.libgcc.fmul
                0x00000000        0x0 c:/program files (x86)/atmel/studio/7.0/toolchain/avr8/avr8-gnu-toolchain/bin/../lib/gcc/avr/5.4.0/avr5\libgcc.a(_copy_data.o)
 .text.libgcc.fixed
                0x00000000        0x0 c:/program files (x86)/atmel/studio/7.0/toolchain/avr8/avr8-gnu-toolchain/bin/../lib/gcc/avr/5.4.0/avr5\libgcc.a(_copy_data.o)
 .text          0x00000000        0x0 c:/program files (x86)/atmel/studio/7.0/toolchain/avr8/avr8-gnu-toolchain/bin/../lib/gcc/avr/5.4.0/avr5\libgcc.a(_clear_bss.o)
 .data          0x00000000        0x0 c:/program files (x86)/atmel/studio/7.0/toolchain/avr8/avr8-gnu-toolchain/bin/../lib/gcc/avr/5.4.0/avr5\libgcc.a(_clear_bss.o)
 .bss           0x00000000        0x0 c:/program files (x86)/atmel/studio/7.0/toolchain/avr8/avr8-gnu-toolchain/bin/../lib/gcc/avr/5.4.0/avr5\libgcc.a(_clear_bss.o)
 .text.libgcc.mul
                0x00000000        0x0 c:/program files (x86)/atmel/studio/7.0/toolchain/avr8/avr8-gnu-toolchain/bin/../lib/gcc/avr/5.4.0/avr5\libgcc.a(_clear_bss.o)
 .text.libgcc.div
                0x00000000        0x0 c:/program files (x86)/atmel/studio/7.0/toolchain/avr8/avr8-gnu-toolchain/bin/../lib/gcc/avr/5.4.0/avr5\libgcc.a(_clear_bss.o)
 .text.libgcc   0x00000000        0x0 c:/program files (x86)/atmel/studio/7.0/toolchain/avr8/avr8-gnu-toolchain/bin/../lib/gcc/avr/5.4.0/avr5\libgcc.a(_clear_bss.o)
 .text.libgcc.prologue
                0x00000000        0x0 c:/program files (x86)/atmel/studio/7.0/toolchain/avr8/avr8-gnu-toolchain/bin/../lib/gcc/avr/5.4.0/avr5\libgcc.a(_clear_bss.o)
 .text.libgcc.builtins
                0x00000000        0x0 c:/program files (x86)/atmel/studio/7.0/toolchain/avr8/avr8-gnu-toolchain/bin/../lib/gcc/avr/5.4.0/avr5\libgcc.a(_clear_bss.o)
 .text.libgcc.fmul
                0x00000000        0x0 c:/program files (x86)/atmel/studio/7.0/toolchain/avr8/avr8-gnu-toolchain/bin/../lib/gcc/avr/5.4.0/avr5\libgcc.a(_clear_bss.o)
 .text.libgcc.fixed
                0x00000000        0x0 c:/program files (x86)/atmel/studio/7.0/toolchain/avr8/avr8-gnu-toolchain/bin/../lib/gcc/avr/5.4.0/avr5\libgcc.a(_clear_bss.o)
 .text          0x00000000        0x0 c:/program files (x86)/atmel/studio/7.0/toolchain/avr8/avr8-gnu-toolchain/bin/../lib/gcc/avr/5.4.0/../../../../avr/lib/avr5\libc.a(itoa_ncheck.o)
 .data          0x00000000        0x0 c:/program files (x86)/atmel/studio/7.0/toolchain/avr8/avr8-gnu-toolchain/bin/../lib/gcc/avr/5.4.0/../../../../avr/lib/avr5\libc.a(itoa_ncheck.o)
 .bss           0x00000000        0x0 c:/program files (x86)/atmel/studio/7.0/toolchain/avr8/avr8-gnu-toolchain/bin/../lib/gcc/avr/5.4.0/../../../../avr/lib/avr5\libc.a(itoa_ncheck.o)
 .text.avr-libc
                0x00000000       0x16 c:/program files (x86)/atmel/studio/7.0/toolchain/avr8/avr8-gnu-toolchain/bin/../lib/gcc/avr/5.4.0/../../../../avr/lib/avr5\libc.a(itoa_ncheck.o)
 .text          0x00000000        0x0 c:/program files (x86)/atmel/studio/7.0/toolchain/avr8/avr8-gnu-toolchain/bin/../lib/gcc/avr/5.4.0/../../../../avr/lib/avr5\libc.a(utoa_ncheck.o)
 .data          0x00000000        0x0 c:/program files (x86)/atmel/studio/7.0/toolchain/avr8/avr8-gnu-toolchain/bin/../lib/gcc/avr/5.4.0/../../../../avr/lib/avr5\libc.a(utoa_ncheck.o)
 .bss           0x00000000        0x0 c:/program files (x86)/atmel/studio/7.0/toolchain/avr8/avr8-gnu-toolchain/bin/../lib/gcc/avr/5.4.0/../../../../avr/lib/avr5\libc.a(utoa_ncheck.o)
 .text.avr-libc
                0x00000000       0x34 c:/program files (x86)/atmel/studio/7.0/toolchain/avr8/avr8-gnu-toolchain/bin/../lib/gcc/avr/5.4.0/../../../../avr/lib/avr5\libc.a(utoa_ncheck.o)
 .text          0x00000000        0x0 c:/program files (x86)/atmel/studio/7.0/toolchain/avr8/avr8-gnu-toolchain/bin/../lib/gcc/avr/5.4.0/../../../../avr/lib/avr5\libc.a(strrev.o)
 .data          0x00000000        0x0 c:/program files (x86)/atmel/studio/7.0/toolchain/avr8/avr8-gnu-toolchain/bin/../lib/gcc/avr/5.4.0/../../../../avr/lib/avr5\libc.a(strrev.o)
 .bss           0x00000000        0x0 c:/program files (x86)/atmel/studio/7.0/toolchain/avr8/avr8-gnu-toolchain/bin/../lib/gcc/avr/5.4.0/../../../../avr/lib/avr5\libc.a(strrev.o)
 .text.avr-libc
                0x00000000       0x20 c:/program files (x86)/atmel/studio/7.0/toolchain/avr8/avr8-gnu-toolchain/bin/../lib/gcc/avr/5.4.0/../../../../avr/lib/avr5\libc.a(strrev.o)

Memory Configuration

Name             Origin             Length             Attributes
text             0x00000000         0x00008000         xr
data             0x00800100         0x00000800         rw !x
eeprom           0x00810000         0x00000400         rw !x
fuse             0x00820000         0x00000003         rw !x
lock             0x00830000         0x00000400         rw !x
signature        0x00840000         0x00000400         rw !x
user_signatures  0x00850000         0x00000400         rw !x
*default*        0x00000000         0xffffffff

Linker script and memory map

Address of section .data set to 0x800100
LOAD C:/Program Files (x86)/Atmel/Studio/7.0/Packs/atmel/ATmega_DFP/1.7.374/gcc/dev/atmega328p/avr5/crtatmega328p.o
LOAD ECU_Layer/LED/ecu_led.o
LOAD ECU_Layer/LED/ecu_led_cfg1.o
LOAD application.o
LOAD MCAL/ADC/hal_adc.o
LOAD MCAL/GPIO/gpio_hal.o
LOAD MCAL/UART/haL_uart.o
START GROUP
LOAD c:/program files (x86)/atmel/studio/7.0/toolchain/avr8/avr8-gnu-toolchain/bin/../lib/gcc/avr/5.4.0/../../../../avr/lib/avr5\libm.a
END GROUP
START GROUP
LOAD c:/program files (x86)/atmel/studio/7.0/toolchain/avr8/avr8-gnu-toolchain/bin/../lib/gcc/avr/5.4.0/avr5\libgcc.a
LOAD c:/program files (x86)/atmel/studio/7.0/toolchain/avr8/avr8-gnu-toolchain/bin/../lib/gcc/avr/5.4.0/../../../../avr/lib/avr5\libm.a
LOAD c:/program files (x86)/atmel/studio/7.0/toolchain/avr8/avr8-gnu-toolchain/bin/../lib/gcc/avr/5.4.0/../../../../avr/lib/avr5\libc.a
LOAD C:/Program Files (x86)/Atmel/Studio/7.0/Packs/atmel/ATmega_DFP/1.7.374/gcc/dev/atmega328p/avr5\libatmega328p.a
END GROUP
                0x00000000                __TEXT_REGION_ORIGIN__ = DEFINED (__TEXT_REGION_ORIGIN__)?__TEXT_REGION_ORIGIN__:0x0
                [0x00800100]                __DATA_REGION_ORIGIN__ = DEFINED (__DATA_REGION_ORIGIN__)?__DATA_REGION_ORIGIN__:0x800060
                [0x00008000]                __TEXT_REGION_LENGTH__ = DEFINED (__TEXT_REGION_LENGTH__)?__TEXT_REGION_LENGTH__:0x20000
                [0x00000800]                __DATA_REGION_LENGTH__ = DEFINED (__DATA_REGION_LENGTH__)?__DATA_REGION_LENGTH__:0xffa0
                [0x00000400]                __EEPROM_REGION_LENGTH__ = DEFINED (__EEPROM_REGION_LENGTH__)?__EEPROM_REGION_LENGTH__:0x10000
                [0x00000003]                __FUSE_REGION_LENGTH__ = DEFINED (__FUSE_REGION_LENGTH__)?__FUSE_REGION_LENGTH__:0x400
                0x00000400                __LOCK_REGION_LENGTH__ = DEFINED (__LOCK_REGION_LENGTH__)?__LOCK_REGION_LENGTH__:0x400
                0x00000400                __SIGNATURE_REGION_LENGTH__ = DEFINED (__SIGNATURE_REGION_LENGTH__)?__SIGNATURE_REGION_LENGTH__:0x400
                0x00000400                __USER_SIGNATURE_REGION_LENGTH__ = DEFINED (__USER_SIGNATURE_REGION_LENGTH__)?__USER_SIGNATURE_REGION_LENGTH__:0x400

.hash
 *(.hash)

.dynsym
 *(.dynsym)

.dynstr
 *(.dynstr)

.gnu.version
 *(.gnu.version)

.gnu.version_d
 *(.gnu.version_d)

.gnu.version_r
 *(.gnu.version_r)

.rel.init
 *(.rel.init)

.rela.init
 *(.rela.init)

.rel.text
 *(.rel.text)
 *(.rel.text.*)
 *(.rel.gnu.linkonce.t*)

.rela.text
 *(.rela.text)
 *(.rela.text.*)
 *(.rela.gnu.linkonce.t*)

.rel.fini
 *(.rel.fini)

.rela.fini
 *(.rela.fini)

.rel.rodata
 *(.rel.rodata)
 *(.rel.rodata.*)
 *(.rel.gnu.linkonce.r*)

.rela.rodata
 *(.rela.rodata)
 *(.rela.rodata.*)
 *(.rela.gnu.linkonce.r*)

.rel.data
 *(.rel.data)
 *(.rel.data.*)
 *(.rel.gnu.linkonce.d*)

.rela.data
 *(.rela.data)
 *(.rela.data.*)
 *(.rela.gnu.linkonce.d*)

.rel.ctors
 *(.rel.ctors)

.rela.ctors
 *(.rela.ctors)

.rel.dtors
 *(.rel.dtors)

.rela.dtors
 *(.rela.dtors)

.rel.got
 *(.rel.got)

.rela.got
 *(.rela.got)

.rel.bss
 *(.rel.bss)

.rela.bss
 *(.rela.bss)

.rel.plt
 *(.rel.plt)

.rela.plt
 *(.rela.plt)

.text           0x00000000      0x5a8
 *(.vectors)
 .vectors       0x00000000       0x68 C:/Program Files (x86)/Atmel/Studio/7.0/Packs/atmel/ATmega_DFP/1.7.374/gcc/dev/atmega328p/avr5/crtatmega328p.o
                0x00000000                __vector_default
                0x00000000                __vectors
 *(.vectors)
 *(.progmem.gcc*)
 .progmem.gcc_sw_table.ADC_Init
                0x00000068        0xe MCAL/ADC/hal_adc.o
                0x00000076                . = ALIGN (0x2)
                0x00000076                __trampolines_start = .
 *(.trampolines)
 .trampolines   0x00000076        0x0 linker stubs
 *(.trampolines*)
                0x00000076                __trampolines_end = .
 *libprintf_flt.a:*(.progmem.data)
 *libc.a:*(.progmem.data)
 *(.progmem*)
                0x00000076                . = ALIGN (0x2)
 *(.jumptables)
 *(.jumptables*)
 *(.lowtext)
 *(.lowtext*)
                0x00000076                __ctors_start = .
 *(.ctors)
                0x00000076                __ctors_end = .
                0x00000076                __dtors_start = .
 *(.dtors)
                0x00000076                __dtors_end = .
 SORT(*)(.ctors)
 SORT(*)(.dtors)
 *(.init0)
 .init0         0x00000076        0x0 C:/Program Files (x86)/Atmel/Studio/7.0/Packs/atmel/ATmega_DFP/1.7.374/gcc/dev/atmega328p/avr5/crtatmega328p.o
                0x00000076                __init
 *(.init0)
 *(.init1)
 *(.init1)
 *(.init2)
 .init2         0x00000076        0xc C:/Program Files (x86)/Atmel/Studio/7.0/Packs/atmel/ATmega_DFP/1.7.374/gcc/dev/atmega328p/avr5/crtatmega328p.o
 *(.init2)
 *(.init3)
 *(.init3)
 *(.init4)
 .init4         0x00000082       0x16 c:/program files (x86)/atmel/studio/7.0/toolchain/avr8/avr8-gnu-toolchain/bin/../lib/gcc/avr/5.4.0/avr5\libgcc.a(_copy_data.o)
                0x00000082                __do_copy_data
 .init4         0x00000098       0x10 c:/program files (x86)/atmel/studio/7.0/toolchain/avr8/avr8-gnu-toolchain/bin/../lib/gcc/avr/5.4.0/avr5\libgcc.a(_clear_bss.o)
                0x00000098                __do_clear_bss
 *(.init4)
 *(.init5)
 *(.init5)
 *(.init6)
 *(.init6)
 *(.init7)
 *(.init7)
 *(.init8)
 *(.init8)
 *(.init9)
 .init9         0x000000a8        0x4 C:/Program Files (x86)/Atmel/Studio/7.0/Packs/atmel/ATmega_DFP/1.7.374/gcc/dev/atmega328p/avr5/crtatmega328p.o
 *(.init9)
 *(.text)
 .text          0x000000ac        0x2 C:/Program Files (x86)/Atmel/Studio/7.0/Packs/atmel/ATmega_DFP/1.7.374/gcc/dev/atmega328p/avr5/crtatmega328p.o
                0x000000ac                __vector_22
                0x000000ac                __vector_1
                0x000000ac                __vector_24
                0x000000ac                __vector_12
                0x000000ac                __bad_interrupt
                0x000000ac                __vector_6
                0x000000ac                __vector_3
                0x000000ac                __vector_23
                0x000000ac                __vector_25
                0x000000ac                __vector_11
                0x000000ac                __vector_13
                0x000000ac                __vector_17
                0x000000ac                __vector_19
                0x000000ac                __vector_7
                0x000000ac                __vector_5
                0x000000ac                __vector_4
                0x000000ac                __vector_9
                0x000000ac                __vector_2
                0x000000ac                __vector_21
                0x000000ac                __vector_15
                0x000000ac                __vector_8
                0x000000ac                __vector_14
                0x000000ac                __vector_10
                0x000000ac                __vector_16
                0x000000ac                __vector_18
                0x000000ac                __vector_20
                0x000000ae                . = ALIGN (0x2)
 *(.text.*)
 .text.LED_Initialize
                0x000000ae       0x46 ECU_Layer/LED/ecu_led.o
                0x000000ae                LED_Initialize
 .text.LED_TurnOn
                0x000000f4       0x48 ECU_Layer/LED/ecu_led.o
                0x000000f4                LED_TurnOn
 .text.LED_TurnOff
                0x0000013c       0x48 ECU_Layer/LED/ecu_led.o
                0x0000013c                LED_TurnOff
 .text.APP_Init
                0x00000184       0x20 application.o
                0x00000184                APP_Init
 .text.main     0x000001a4       0x96 application.o
                0x000001a4                main
 .text.ADC_Init
                0x0000023a      0x110 MCAL/ADC/hal_adc.o
                0x0000023a                ADC_Init
 .text.ADC_ReadChannel
                0x0000034a       0xe8 MCAL/ADC/hal_adc.o
                0x0000034a                ADC_ReadChannel
 .text.GPIO_WritePinValue
                0x00000432       0x82 MCAL/GPIO/gpio_hal.o
                0x00000432                GPIO_WritePinValue
 .text.GPIO_InitPin
                0x000004b4       0xe4 MCAL/GPIO/gpio_hal.o
                0x000004b4                GPIO_InitPin
 .text.libgcc   0x00000598        0xc c:/program files (x86)/atmel/studio/7.0/toolchain/avr8/avr8-gnu-toolchain/bin/../lib/gcc/avr/5.4.0/avr5\libgcc.a(_tablejump2.o)
                0x00000598                __tablejump2__
                0x000005a4                . = ALIGN (0x2)
 *(.fini9)
 .fini9         0x000005a4        0x0 c:/program files (x86)/atmel/studio/7.0/toolchain/avr8/avr8-gnu-toolchain/bin/../lib/gcc/avr/5.4.0/avr5\libgcc.a(_exit.o)
                0x000005a4                _exit
                0x000005a4                exit
 *(.fini9)
 *(.fini8)
 *(.fini8)
 *(.fini7)
 *(.fini7)
 *(.fini6)
 *(.fini6)
 *(.fini5)
 *(.fini5)
 *(.fini4)
 *(.fini4)
 *(.fini3)
 *(.fini3)
 *(.fini2)
 *(.fini2)
 *(.fini1)
 *(.fini1)
 *(.fini0)
 .fini0         0x000005a4        0x4 c:/program files (x86)/atmel/studio/7.0/toolchain/avr8/avr8-gnu-toolchain/bin/../lib/gcc/avr/5.4.0/avr5\libgcc.a(_exit.o)
 *(.fini0)
                0x000005a8                _etext = .

.data           0x00800100       0x10 load address 0x000005a8
                0x00800100                PROVIDE (__data_start, .)
 *(.data)
 *(.data*)
 .data.dry_indicator
                0x00800100        0x1 application.o
                0x00800100                dry_indicator
 .data.moisture_sensor
                0x00800101        0x1 application.o
                0x00800101                moisture_sensor
 .data.sensor_power
                0x00800102        0x1 application.o
                0x00800102                sensor_power
 .data.port_registers
                0x00800103        0x6 MCAL/GPIO/gpio_hal.o
                0x00800103                port_registers
 .data.ddr_registers
                0x00800109        0x6 MCAL/GPIO/gpio_hal.o
                0x00800109                ddr_registers
 *(.gnu.linkonce.d*)
 *(.rodata)
 *(.rodata*)
 *(.gnu.linkonce.r*)
                0x00800110                . = ALIGN (0x2)
 *fill*         0x0080010f        0x1 
                0x00800110                _edata = .
                0x00800110                PROVIDE (__data_end, .)

.bss            0x00800110        0x1
                0x00800110                PROVIDE (__bss_start, .)
 *(.bss)
 *(.bss*)
 .bss.pump      0x00800110        0x1 application.o
                0x00800110                pump
 *(COMMON)
                0x00800111                PROVIDE (__bss_end, .)
                0x000005a8                __data_load_start = LOADADDR (.data)
                0x000005b8                __data_load_end = (__data_load_start + SIZEOF (.data))

.noinit         0x00800111        0x0
                [!provide]                PROVIDE (__noinit_start, .)
 *(.noinit*)
                [!provide]                PROVIDE (__noinit_end, .)
                0x00800111                _end = .
                [!provide]                PROVIDE (__heap_start, .)

.eeprom         0x00810000        0x0
 *(.eeprom*)
                0x00810000                __eeprom_end = .

.fuse
 *(.fuse)
 *(.lfuse)
 *(.hfuse)
 *(.efuse)

.lock
 *(.lock*)

.signature
 *(.signature*)

.user_signatures
 *(.user_signatures*)

.stab
 *(.stab)

.stabstr
 *(.stabstr)

.stab.excl
 *(.stab.excl)

.stab.exclstr
 *(.stab.exclstr)

.stab.index
 *(.stab.index)

.stab.indexstr
 *(.stab.indexstr)

.comment        0x00000000       0x30
 *(.comment)
 .comment       0x00000000       0x30 ECU_Layer/LED/ecu_led.o
                                 0x31 (size before relaxing)
 .comment       0x00000030       0x31 application.o
 .comment       0x00000030       0x31 MCAL/ADC/hal_adc.o
 .comment       0x00000030       0x31 MCAL/GPIO/gpio_hal.o

.note.gnu.avr.deviceinfo
                0x00000000       0x40
 .note.gnu.avr.deviceinfo
                0x00000000       0x40 C:/Program Files (x86)/Atmel/Studio/7.0/Packs/atmel/ATmega_DFP/1.7.374/gcc/dev/atmega328p/avr5/crtatmega328p.o

.note.gnu.build-id
 *(.note.gnu.build-id)

.debug
 *(.debug)

.line
 *(.line)

.debug_srcinfo
 *(.debug_srcinfo)

.debug_sfnames
 *(.debug_sfnames)

.debug_aranges  0x00000000       0xe8
 *(.debug_aranges)
 .debug_aranges
                0x00000000       0x38 ECU_Layer/LED/ecu_led.o
 .debug_aranges
                0x00000038       0x28 application.o
 .debug_aranges
                0x00000060       0x28 MCAL/ADC/hal_adc.o
 .debug_aranges
                0x00000088       0x60 MCAL/GPIO/gpio_hal.o

.debug_pubnames
 *(.debug_pubnames)

.debug_info     0x00000000     0x157f
 *(.debug_info .gnu.linkonce.wi.*)
 .debug_info    0x00000000      0x5f4 C:/Program Files (x86)/Atmel/Studio/7.0/Packs/atmel/ATmega_DFP/1.7.374/gcc/dev/atmega328p/avr5/crtatmega328p.o
 .debug_info    0x000005f4      0x320 ECU_Layer/LED/ecu_led.o
 .debug_info    0x00000914      0x5cc application.o
 .debug_info    0x00000ee0      0x203 MCAL/ADC/hal_adc.o
 .debug_info    0x000010e3      0x49c MCAL/GPIO/gpio_hal.o

.debug_abbrev   0x00000000      0xaa1
 *(.debug_abbrev)
 .debug_abbrev  0x00000000      0x5a2 C:/Program Files (x86)/Atmel/Studio/7.0/Packs/atmel/ATmega_DFP/1.7.374/gcc/dev/atmega328p/avr5/crtatmega328p.o
 .debug_abbrev  0x000005a2      0x132 ECU_Layer/LED/ecu_led.o
 .debug_abbrev  0x000006d4      0x1d7 application.o
 .debug_abbrev  0x000008ab       0xb3 MCAL/ADC/hal_adc.o
 .debug_abbrev  0x0000095e      0x143 MCAL/GPIO/gpio_hal.o

.debug_line     0x00000000     0x15f4
 *(.debug_line .debug_line.* .debug_line_end)
 .debug_line    0x00000000      0x134 C:/Program Files (x86)/Atmel/Studio/7.0/Packs/atmel/ATmega_DFP/1.7.374/gcc/dev/atmega328p/avr5/crtatmega328p.o
 .debug_line    0x00000134      0x474 ECU_Layer/LED/ecu_led.o
 .debug_line    0x000005a8      0x4c6 application.o
 .debug_line    0x00000a6e      0x572 MCAL/ADC/hal_adc.o
 .debug_line    0x00000fe0      0x614 MCAL/GPIO/gpio_hal.o

.debug_frame    0x00000000      0x1b0
 *(.debug_frame)
 .debug_frame   0x00000000       0x94 ECU_Layer/LED/ecu_led.o
 .debug_frame   0x00000094       0x44 application.o
 .debug_frame   0x000000d8       0x34 MCAL/ADC/hal_adc.o
 .debug_frame   0x0000010c       0xa4 MCAL/GPIO/gpio_hal.o

.debug_str      0x00000000     0x7724
 *(.debug_str)
 .debug_str     0x00000000      0x208 C:/Program Files (x86)/Atmel/Studio/7.0/Packs/atmel/ATmega_DFP/1.7.374/gcc/dev/atmega328p/avr5/crtatmega328p.o
 .debug_str     0x00000208     0x70a5 ECU_Layer/LED/ecu_led.o
                               0x71a6 (size before relaxing)
 .debug_str     0x000072ad      0x31c application.o
                               0x7475 (size before relaxing)
 .debug_str     0x000075c9       0x71 MCAL/ADC/hal_adc.o
                               0x71f2 (size before relaxing)
 .debug_str     0x0000763a       0xea MCAL/GPIO/gpio_hal.o
                               0x7247 (size before relaxing)

.debug_loc      0x00000000      0x9e2
 *(.debug_loc)
 .debug_loc     0x00000000      0x2ec ECU_Layer/LED/ecu_led.o
 .debug_loc     0x000002ec       0x48 application.o
 .debug_loc     0x00000334      0x143 MCAL/ADC/hal_adc.o
 .debug_loc     0x00000477      0x56b MCAL/GPIO/gpio_hal.o

.debug_macinfo
 *(.debug_macinfo)

.debug_weaknames
 *(.debug_weaknames)

.debug_funcnames
 *(.debug_funcnames)

.debug_typenames
 *(.debug_typenames)

.debug_varnames
 *(.debug_varnames)

.debug_pubtypes
 *(.debug_pubtypes)

.debug_ranges   0x00000000       0xa8
 *(.debug_ranges)
 .debug_ranges  0x00000000       0x28 ECU_Layer/LED/ecu_led.o
 .debug_ranges  0x00000028       0x18 application.o
 .debug_ranges  0x00000040       0x18 MCAL/ADC/hal_adc.o
 .debug_ranges  0x00000058       0x50 MCAL/GPIO/gpio_hal.o

.debug_macro    0x00000000     0x2ef3
 *(.debug_macro)
 .debug_macro   0x00000000      0x108 ECU_Layer/LED/ecu_led.o
 .debug_macro   0x00000108      0xa4e ECU_Layer/LED/ecu_led.o
 .debug_macro   0x00000b56       0x1c ECU_Layer/LED/ecu_led.o
 .debug_macro   0x00000b72      0x10e ECU_Layer/LED/ecu_led.o
 .debug_macro   0x00000c80       0x66 ECU_Layer/LED/ecu_led.o
 .debug_macro   0x00000ce6       0x10 ECU_Layer/LED/ecu_led.o
 .debug_macro   0x00000cf6       0x10 ECU_Layer/LED/ecu_led.o
 .debug_macro   0x00000d06      0x1c9 ECU_Layer/LED/ecu_led.o
 .debug_macro   0x00000ecf      0x2fc ECU_Layer/LED/ecu_led.o
 .debug_macro   0x000011cb       0x9e ECU_Layer/LED/ecu_led.o
 .debug_macro   0x00001269     0x1411 ECU_Layer/LED/ecu_led.o
 .debug_macro   0x0000267a      0x13a ECU_Layer/LED/ecu_led.o
 .debug_macro   0x000027b4       0xbd ECU_Layer/LED/ecu_led.o
 .debug_macro   0x00002871       0x34 ECU_Layer/LED/ecu_led.o
 .debug_macro   0x000028a5       0x18 ECU_Layer/LED/ecu_led.o
 .debug_macro   0x000028bd       0x6c ECU_Layer/LED/ecu_led.o
 .debug_macro   0x00002929       0x10 ECU_Layer/LED/ecu_led.o
 .debug_macro   0x00002939      0x160 ECU_Layer/LED/ecu_led.o
 .debug_macro   0x00002a99       0x2e ECU_Layer/LED/ecu_led.o
 .debug_macro   0x00002ac7       0x10 ECU_Layer/LED/ecu_led.o
 .debug_macro   0x00002ad7       0x10 ECU_Layer/LED/ecu_led.o
 .debug_macro   0x00002ae7      0x13f application.o
 .debug_macro   0x00002c26       0x76 application.o
 .debug_macro   0x00002c9c       0x10 application.o
 .debug_macro   0x00002cac       0x3c application.o
 .debug_macro   0x00002ce8      0x10d MCAL/ADC/hal_adc.o
 .debug_macro   0x00002df5       0xfe MCAL/GPIO/gpio_hal.o
OUTPUT(smart-irrigation-system.elf elf32-avr)
LOAD linker stubs
